[2022-04-21 02:38:11] root     - DEBUG    - Debugging
[2022-04-21 02:38:11] root     - INFO     - App started
[2022-04-21 02:38:11] root     - WARNING  - Test logger
[2022-04-21 02:38:56] root     - INFO     - App started
[2022-04-21 02:39:05] root     - INFO     - App started
[2022-04-21 02:39:35] root     - INFO     - App started
[2022-04-21 02:39:41] root     - INFO     - App started
[2022-04-21 02:40:33] root     - INFO     - App started
[2022-04-21 02:42:01] root     - INFO     - App started
[2022-04-21 02:42:22] root     - INFO     - App started
[2022-04-21 02:42:22] root     - DEBUG    - Debugging
[2022-04-21 02:42:22] root     - WARNING  - Test logger
[2022-04-21 02:43:18] root     - INFO     - App started
[2022-04-21 02:43:18] root     - DEBUG    - Debugging
[2022-04-21 02:43:18] root     - WARNING  - Test logger
[2022-04-21 02:43:33] root     - INFO     - App started
[2022-04-21 02:44:29] root     - INFO     - App started
[2022-04-21 02:44:29] root     - DEBUG    - Debugging
[2022-04-21 02:44:29] root     - WARNING  - Test logger
[2022-04-21 02:45:17] root     - INFO     - App started
[2022-04-21 02:45:17] root     - DEBUG    - Debugging
[2022-04-21 02:45:17] root     - WARNING  - Test logger
[2022-04-21 02:50:38] root     - INFO     - File loaded: data/train.csv
[2022-04-21 03:20:28] root     - INFO     - File loaded: data/train.csv
[2022-04-21 03:20:28] root     - INFO     - File loaded: data/ideal.csv
[2022-04-21 03:23:33] root     - INFO     - File loaded: data/train.csv
[2022-04-21 03:23:33] root     - INFO     - File loaded: data/ideal.csv
[2022-04-21 03:23:47] root     - INFO     - File loaded: data/train.csv
[2022-04-21 03:23:47] root     - INFO     - File loaded: data/ideal.csv
[2022-04-21 03:25:01] root     - INFO     - File loaded: data/train.csv
[2022-04-21 03:25:01] root     - INFO     - File loaded: data/ideal.csv
[2022-04-21 03:26:46] root     - INFO     - File loaded: data/train.csv
[2022-04-21 03:26:46] root     - INFO     - File loaded: data/ideal.csv
[2022-04-21 03:39:41] root     - INFO     - File loaded: data/train.csv
[2022-04-21 03:39:41] root     - INFO     - File loaded: data/ideal.csv
[2022-04-21 03:39:46] root     - INFO     - File loaded: data/train.csv
[2022-04-21 03:39:46] root     - INFO     - File loaded: data/ideal.csv
[2022-04-21 03:40:00] root     - INFO     - File loaded: data/train.csv
[2022-04-21 03:40:00] root     - INFO     - File loaded: data/ideal.csv
[2022-04-21 03:48:46] root     - INFO     - File loaded: data/train.csv
[2022-04-21 03:48:46] root     - INFO     - File loaded: data/ideal.csv
[2022-04-21 03:48:56] root     - INFO     - File loaded: data/train.csv
[2022-04-21 03:48:56] root     - INFO     - File loaded: data/ideal.csv
[2022-04-21 03:49:01] root     - INFO     - File loaded: data/train.csv
[2022-04-21 03:49:01] root     - INFO     - File loaded: data/ideal.csv
[2022-04-21 03:50:16] root     - INFO     - File loaded: data/train.csv
[2022-04-21 03:50:16] root     - INFO     - File loaded: data/ideal.csv
[2022-04-21 03:50:23] root     - INFO     - File loaded: data/train.csv
[2022-04-21 03:50:23] root     - INFO     - File loaded: data/ideal.csv
[2022-04-21 05:44:41] root     - INFO     - File loaded: data/train.csv
[2022-04-21 05:44:41] root     - INFO     - File loaded: data/ideal.csv
[2022-04-21 05:49:14] root     - INFO     - File loaded: data/train.csv
[2022-04-21 05:49:14] root     - INFO     - File loaded: data/ideal.csv
[2022-04-21 05:51:32] root     - INFO     - File loaded: data/train.csv
[2022-04-21 05:51:32] root     - INFO     - File loaded: data/ideal.csv
[2022-04-21 22:06:27] root   - INFO     - App started
[2022-04-21 22:06:27] root   - DEBUG    - Debugging
[2022-04-21 22:06:27] root   - WARNING  - Test logger
[2022-04-21 23:13:02] root   - INFO     - App started
[2022-04-21 23:13:02] root   - DEBUG    - Debugging
[2022-04-21 23:13:02] root   - WARNING  - Test logger
[2022-04-21 23:13:06] root   - INFO     - File loaded: data/train.csv
[2022-04-21 23:13:06] root   - INFO     - File loaded: data/ideal.csv
[2022-04-23 20:28:22] root   - INFO     - App started
[2022-04-23 20:28:22] root   - DEBUG    - Debugging
[2022-04-23 20:28:22] root   - WARNING  - Test logger
[2022-04-23 20:28:28] root   - INFO     - File loaded: data/train.csv
[2022-04-23 20:28:28] root   - INFO     - File loaded: data/ideal.csv
[2022-04-24 07:44:12] root   - INFO     - App started
[2022-04-24 07:44:12] root   - DEBUG    - Debugging
[2022-04-24 07:44:12] root   - WARNING  - Test logger
[2022-04-24 07:44:12] root   - INFO     - File loaded: data/train.csv
[2022-04-24 07:44:12] root   - INFO     - File loaded: data/ideal.csv
[2022-04-24 07:57:04] root   - INFO     - App started
[2022-04-24 07:57:04] root   - DEBUG    - Debugging
[2022-04-24 07:57:04] root   - WARNING  - Test logger
[2022-04-24 07:57:04] root   - INFO     - File loaded: data/train.csv
[2022-04-24 07:57:04] root   - INFO     - File loaded: data/ideal.csv
[2022-04-24 17:22:42] root   - INFO     - App started
[2022-04-24 17:22:42] root   - DEBUG    - Debugging
[2022-04-24 17:22:42] root   - WARNING  - Test logger
[2022-04-24 17:22:53] root   - INFO     - App started
[2022-04-24 17:22:53] root   - DEBUG    - Debugging
[2022-04-24 17:22:53] root   - WARNING  - Test logger
[2022-04-25 16:09:35] root   - INFO     - App started
[2022-04-25 16:09:35] root   - DEBUG    - Debugging
[2022-04-25 16:09:35] root   - WARNING  - Test logger
[2022-04-27 00:58:09] root   - INFO     - App started
[2022-04-27 00:58:09] root   - DEBUG    - Debugging
[2022-04-27 00:58:09] root   - WARNING  - Test logger
[2022-04-27 00:59:23] root   - INFO     - App started
[2022-04-27 00:59:23] root   - DEBUG    - Debugging
[2022-04-27 00:59:23] root   - WARNING  - Test logger
[2022-04-27 01:01:14] root   - INFO     - App started
[2022-04-27 01:01:14] root   - DEBUG    - Debugging
[2022-04-27 01:01:14] root   - WARNING  - Test logger
[2022-04-27 01:01:52] root   - INFO     - App started
[2022-04-27 01:01:52] root   - DEBUG    - Debugging
[2022-04-27 01:01:52] root   - WARNING  - Test logger
[2022-04-27 01:02:52] root   - INFO     - App started
[2022-04-27 01:02:52] root   - DEBUG    - Debugging
[2022-04-27 01:02:52] root   - WARNING  - Test logger
[2022-04-27 01:19:32] root   - INFO     - App started
[2022-04-27 01:19:32] root   - DEBUG    - Debugging
[2022-04-27 01:19:32] root   - WARNING  - Test logger
[2022-04-27 01:46:44] root   - INFO     - App started
[2022-04-27 01:46:44] root   - DEBUG    - Debugging
[2022-04-27 01:46:44] root   - WARNING  - Test logger
[2022-04-27 04:18:22] root   - INFO     - App started
[2022-04-27 04:18:22] root   - DEBUG    - Debugging
[2022-04-27 04:18:22] root   - WARNING  - Test logger
[2022-04-27 04:29:33] root   - INFO     - App started
[2022-04-27 04:29:33] root   - DEBUG    - Debugging
[2022-04-27 04:29:33] root   - WARNING  - Test logger
[2022-04-27 04:30:40] root   - INFO     - App started
[2022-04-27 04:30:40] root   - DEBUG    - Debugging
[2022-04-27 04:30:40] root   - WARNING  - Test logger
[2022-04-27 04:31:14] root   - INFO     - App started
[2022-04-27 04:31:14] root   - DEBUG    - Debugging
[2022-04-27 04:31:14] root   - WARNING  - Test logger
[2022-04-27 04:31:59] root   - INFO     - App started
[2022-04-27 04:31:59] root   - DEBUG    - Debugging
[2022-04-27 04:31:59] root   - WARNING  - Test logger
[2022-04-27 04:36:10] root   - INFO     - App started
[2022-04-27 04:36:10] root   - DEBUG    - Debugging
[2022-04-27 04:36:10] root   - WARNING  - Test logger
[2022-04-27 04:38:26] root   - INFO     - App started
[2022-04-27 04:38:26] root   - DEBUG    - Debugging
[2022-04-27 04:38:26] root   - WARNING  - Test logger
[2022-04-27 04:39:49] root   - INFO     - App started
[2022-04-27 04:39:49] root   - DEBUG    - Debugging
[2022-04-27 04:39:49] root   - WARNING  - Test logger
[2022-04-27 04:40:46] root   - INFO     - App started
[2022-04-27 04:40:46] root   - DEBUG    - Debugging
[2022-04-27 04:40:46] root   - WARNING  - Test logger
[2022-04-27 04:44:06] root   - INFO     - App started
[2022-04-27 04:44:06] root   - DEBUG    - Debugging
[2022-04-27 04:44:06] root   - WARNING  - Test logger
[2022-04-27 04:47:55] root   - INFO     - App started
[2022-04-27 04:47:55] root   - DEBUG    - Debugging
[2022-04-27 04:47:55] root   - WARNING  - Test logger
[2022-04-27 04:49:06] root   - INFO     - App started
[2022-04-27 04:49:06] root   - DEBUG    - Debugging
[2022-04-27 04:49:06] root   - WARNING  - Test logger
[2022-04-27 04:49:39] root   - INFO     - App started
[2022-04-27 04:49:39] root   - DEBUG    - Debugging
[2022-04-27 04:49:39] root   - WARNING  - Test logger
[2022-04-27 04:50:22] root   - INFO     - App started
[2022-04-27 04:50:22] root   - DEBUG    - Debugging
[2022-04-27 04:50:22] root   - WARNING  - Test logger
[2022-04-27 04:51:34] root   - INFO     - App started
[2022-04-27 04:51:34] root   - DEBUG    - Debugging
[2022-04-27 04:51:34] root   - WARNING  - Test logger
[2022-04-27 04:52:04] root   - INFO     - App started
[2022-04-27 04:52:04] root   - DEBUG    - Debugging
[2022-04-27 04:52:04] root   - WARNING  - Test logger
[2022-04-27 04:53:19] root   - INFO     - App started
[2022-04-27 04:53:19] root   - DEBUG    - Debugging
[2022-04-27 04:53:19] root   - WARNING  - Test logger
[2022-04-27 04:54:42] root   - INFO     - App started
[2022-04-27 04:54:42] root   - DEBUG    - Debugging
[2022-04-27 04:54:42] root   - WARNING  - Test logger
[2022-04-27 04:57:18] root   - INFO     - App started
[2022-04-27 04:57:18] root   - DEBUG    - Debugging
[2022-04-27 04:57:18] root   - WARNING  - Test logger
[2022-04-27 04:58:13] root   - INFO     - App started
[2022-04-27 04:58:13] root   - DEBUG    - Debugging
[2022-04-27 04:58:13] root   - WARNING  - Test logger
[2022-04-27 05:00:34] root   - INFO     - App started
[2022-04-27 05:00:34] root   - DEBUG    - Debugging
[2022-04-27 05:00:34] root   - WARNING  - Test logger
[2022-04-27 05:03:27] root   - INFO     - App started
[2022-04-27 05:03:27] root   - DEBUG    - Debugging
[2022-04-27 05:03:27] root   - WARNING  - Test logger
[2022-04-27 05:03:50] root   - INFO     - App started
[2022-04-27 05:03:50] root   - DEBUG    - Debugging
[2022-04-27 05:03:50] root   - WARNING  - Test logger
[2022-04-27 05:04:31] root   - INFO     - App started
[2022-04-27 05:04:31] root   - DEBUG    - Debugging
[2022-04-27 05:04:31] root   - WARNING  - Test logger
[2022-04-27 05:05:49] root   - INFO     - App started
[2022-04-27 05:05:49] root   - DEBUG    - Debugging
[2022-04-27 05:05:49] root   - WARNING  - Test logger
[2022-04-27 05:11:22] root   - INFO     - App started
[2022-04-27 05:11:22] root   - DEBUG    - Debugging
[2022-04-27 05:11:22] root   - WARNING  - Test logger
[2022-04-27 05:12:08] root   - INFO     - App started
[2022-04-27 05:12:08] root   - DEBUG    - Debugging
[2022-04-27 05:12:08] root   - WARNING  - Test logger
[2022-04-27 05:12:37] root   - INFO     - App started
[2022-04-27 05:12:37] root   - DEBUG    - Debugging
[2022-04-27 05:12:37] root   - WARNING  - Test logger
[2022-04-27 05:13:07] root   - INFO     - App started
[2022-04-27 05:13:07] root   - DEBUG    - Debugging
[2022-04-27 05:13:07] root   - WARNING  - Test logger
[2022-04-27 05:13:21] root   - INFO     - App started
[2022-04-27 05:13:21] root   - DEBUG    - Debugging
[2022-04-27 05:13:21] root   - WARNING  - Test logger
[2022-04-27 05:13:36] root   - INFO     - App started
[2022-04-27 05:13:36] root   - DEBUG    - Debugging
[2022-04-27 05:13:36] root   - WARNING  - Test logger
[2022-04-27 05:14:11] root   - INFO     - App started
[2022-04-27 05:14:11] root   - DEBUG    - Debugging
[2022-04-27 05:14:11] root   - WARNING  - Test logger
[2022-04-27 05:14:31] root   - INFO     - App started
[2022-04-27 05:14:31] root   - DEBUG    - Debugging
[2022-04-27 05:14:31] root   - WARNING  - Test logger
[2022-04-27 05:15:57] root   - INFO     - App started
[2022-04-27 05:15:57] root   - DEBUG    - Debugging
[2022-04-27 05:15:57] root   - WARNING  - Test logger
[2022-04-27 05:16:13] root   - INFO     - App started
[2022-04-27 05:16:13] root   - DEBUG    - Debugging
[2022-04-27 05:16:13] root   - WARNING  - Test logger
[2022-04-27 05:18:21] root   - INFO     - App started
[2022-04-27 05:18:21] root   - DEBUG    - Debugging
[2022-04-27 05:18:21] root   - WARNING  - Test logger
[2022-04-27 05:18:54] root   - INFO     - App started
[2022-04-27 05:18:54] root   - DEBUG    - Debugging
[2022-04-27 05:18:54] root   - WARNING  - Test logger
[2022-04-27 05:19:39] root   - INFO     - App started
[2022-04-27 05:19:39] root   - DEBUG    - Debugging
[2022-04-27 05:19:39] root   - WARNING  - Test logger
[2022-04-27 05:22:47] root   - INFO     - App started
[2022-04-27 05:22:47] root   - DEBUG    - Debugging
[2022-04-27 05:22:47] root   - WARNING  - Test logger
[2022-04-27 05:23:54] root   - INFO     - App started
[2022-04-27 05:23:54] root   - DEBUG    - Debugging
[2022-04-27 05:23:54] root   - WARNING  - Test logger
[2022-04-27 05:24:16] root   - INFO     - App started
[2022-04-27 05:24:16] root   - DEBUG    - Debugging
[2022-04-27 05:24:16] root   - WARNING  - Test logger
[2022-04-27 05:27:02] root   - INFO     - App started
[2022-04-27 05:27:02] root   - DEBUG    - Debugging
[2022-04-27 05:27:02] root   - WARNING  - Test logger
[2022-04-27 05:33:51] root   - INFO     - App started
[2022-04-27 05:33:51] root   - DEBUG    - Debugging
[2022-04-27 05:33:51] root   - WARNING  - Test logger
[2022-04-27 05:34:01] root   - INFO     - App started
[2022-04-27 05:34:01] root   - DEBUG    - Debugging
[2022-04-27 05:34:01] root   - WARNING  - Test logger
[2022-04-30 22:03:11] root   - INFO     - App started
[2022-04-30 22:03:11] root   - DEBUG    - Debugging
[2022-04-30 22:03:11] root   - WARNING  - Test logger
[2022-04-30 23:54:40] root   - INFO     - App started
[2022-04-30 23:54:40] root   - DEBUG    - Debugging
[2022-04-30 23:54:40] root   - WARNING  - Test logger
[2022-04-30 23:55:41] root   - INFO     - App started
[2022-04-30 23:55:41] root   - DEBUG    - Debugging
[2022-04-30 23:55:41] root   - WARNING  - Test logger
[2022-05-01 00:00:36] root   - INFO     - App started
[2022-05-01 00:00:36] root   - DEBUG    - Debugging
[2022-05-01 00:00:36] root   - WARNING  - Test logger
[2022-05-01 00:02:34] root   - INFO     - App started
[2022-05-01 00:02:34] root   - DEBUG    - Debugging
[2022-05-01 00:02:34] root   - WARNING  - Test logger
[2022-05-01 00:03:32] root   - INFO     - App started
[2022-05-01 00:03:32] root   - DEBUG    - Debugging
[2022-05-01 00:03:32] root   - WARNING  - Test logger
[2022-05-01 01:07:30] root   - INFO     - App started
[2022-05-01 01:07:30] root   - DEBUG    - Debugging
[2022-05-01 01:07:30] root   - WARNING  - Test logger
[2022-05-01 01:08:41] root   - INFO     - App started
[2022-05-01 01:08:41] root   - DEBUG    - Debugging
[2022-05-01 01:08:41] root   - WARNING  - Test logger
[2022-05-01 01:09:01] root   - INFO     - App started
[2022-05-01 01:09:01] root   - DEBUG    - Debugging
[2022-05-01 01:09:01] root   - WARNING  - Test logger
[2022-05-01 01:10:20] root   - INFO     - App started
[2022-05-01 01:10:20] root   - DEBUG    - Debugging
[2022-05-01 01:10:20] root   - WARNING  - Test logger
[2022-05-01 01:10:40] root   - INFO     - App started
[2022-05-01 01:10:40] root   - DEBUG    - Debugging
[2022-05-01 01:10:40] root   - WARNING  - Test logger
[2022-05-01 01:15:45] root   - INFO     - App started
[2022-05-01 01:15:45] root   - DEBUG    - Debugging
[2022-05-01 01:15:45] root   - WARNING  - Test logger
[2022-05-01 01:15:54] root   - INFO     - App started
[2022-05-01 01:15:54] root   - DEBUG    - Debugging
[2022-05-01 01:15:54] root   - WARNING  - Test logger
[2022-05-01 01:16:08] root   - INFO     - App started
[2022-05-01 01:16:08] root   - DEBUG    - Debugging
[2022-05-01 01:16:08] root   - WARNING  - Test logger
[2022-05-01 01:16:54] root   - INFO     - App started
[2022-05-01 01:16:54] root   - DEBUG    - Debugging
[2022-05-01 01:16:54] root   - WARNING  - Test logger
[2022-05-01 01:17:05] root   - INFO     - App started
[2022-05-01 01:17:05] root   - DEBUG    - Debugging
[2022-05-01 01:17:05] root   - WARNING  - Test logger
[2022-05-01 01:17:35] root   - INFO     - App started
[2022-05-01 01:17:35] root   - DEBUG    - Debugging
[2022-05-01 01:17:35] root   - WARNING  - Test logger
[2022-05-01 01:17:43] root   - INFO     - App started
[2022-05-01 01:17:43] root   - DEBUG    - Debugging
[2022-05-01 01:17:43] root   - WARNING  - Test logger
[2022-05-01 01:18:15] root   - INFO     - App started
[2022-05-01 01:18:15] root   - DEBUG    - Debugging
[2022-05-01 01:18:15] root   - WARNING  - Test logger
[2022-05-01 01:18:53] root   - INFO     - App started
[2022-05-01 01:18:53] root   - DEBUG    - Debugging
[2022-05-01 01:18:53] root   - WARNING  - Test logger
[2022-05-01 01:19:07] root   - INFO     - App started
[2022-05-01 01:19:07] root   - DEBUG    - Debugging
[2022-05-01 01:19:07] root   - WARNING  - Test logger
[2022-05-01 01:20:27] root   - INFO     - App started
[2022-05-01 01:20:27] root   - DEBUG    - Debugging
[2022-05-01 01:20:27] root   - WARNING  - Test logger
[2022-05-01 01:20:36] root   - INFO     - App started
[2022-05-01 01:20:36] root   - DEBUG    - Debugging
[2022-05-01 01:20:36] root   - WARNING  - Test logger
[2022-05-01 01:29:29] root   - INFO     - App started
[2022-05-01 01:29:29] root   - DEBUG    - Debugging
[2022-05-01 01:29:29] root   - WARNING  - Test logger
[2022-05-01 01:29:38] root   - INFO     - App started
[2022-05-01 01:29:38] root   - DEBUG    - Debugging
[2022-05-01 01:29:38] root   - WARNING  - Test logger
[2022-05-01 01:30:16] root   - INFO     - App started
[2022-05-01 01:30:16] root   - DEBUG    - Debugging
[2022-05-01 01:30:16] root   - WARNING  - Test logger
[2022-05-01 01:30:50] root   - INFO     - App started
[2022-05-01 01:30:50] root   - DEBUG    - Debugging
[2022-05-01 01:30:50] root   - WARNING  - Test logger
[2022-05-01 01:31:18] root   - INFO     - App started
[2022-05-01 01:31:18] root   - DEBUG    - Debugging
[2022-05-01 01:31:18] root   - WARNING  - Test logger
[2022-05-01 01:31:26] root   - INFO     - App started
[2022-05-01 01:31:26] root   - DEBUG    - Debugging
[2022-05-01 01:31:26] root   - WARNING  - Test logger
[2022-05-01 01:32:17] root   - INFO     - App started
[2022-05-01 01:32:17] root   - DEBUG    - Debugging
[2022-05-01 01:32:17] root   - WARNING  - Test logger
[2022-05-01 01:32:24] root   - INFO     - App started
[2022-05-01 01:32:24] root   - DEBUG    - Debugging
[2022-05-01 01:32:24] root   - WARNING  - Test logger
[2022-05-01 01:32:32] root   - INFO     - App started
[2022-05-01 01:32:32] root   - DEBUG    - Debugging
[2022-05-01 01:32:32] root   - WARNING  - Test logger
[2022-05-01 01:32:40] root   - INFO     - App started
[2022-05-01 01:32:40] root   - DEBUG    - Debugging
[2022-05-01 01:32:40] root   - WARNING  - Test logger
[2022-05-01 01:32:55] root   - INFO     - App started
[2022-05-01 01:32:55] root   - DEBUG    - Debugging
[2022-05-01 01:32:55] root   - WARNING  - Test logger
[2022-05-01 01:33:05] root   - INFO     - App started
[2022-05-01 01:33:05] root   - DEBUG    - Debugging
[2022-05-01 01:33:05] root   - WARNING  - Test logger
[2022-05-01 01:33:33] root   - INFO     - App started
[2022-05-01 01:33:33] root   - DEBUG    - Debugging
[2022-05-01 01:33:33] root   - WARNING  - Test logger
[2022-05-01 01:34:35] root   - INFO     - App started
[2022-05-01 01:34:35] root   - DEBUG    - Debugging
[2022-05-01 01:34:35] root   - WARNING  - Test logger
[2022-05-01 01:34:55] root   - INFO     - App started
[2022-05-01 01:34:55] root   - DEBUG    - Debugging
[2022-05-01 01:34:55] root   - WARNING  - Test logger
[2022-05-01 01:35:10] root   - INFO     - App started
[2022-05-01 01:35:10] root   - DEBUG    - Debugging
[2022-05-01 01:35:10] root   - WARNING  - Test logger
[2022-05-01 01:35:23] root   - INFO     - App started
[2022-05-01 01:35:23] root   - DEBUG    - Debugging
[2022-05-01 01:35:23] root   - WARNING  - Test logger
[2022-05-01 02:24:36] root   - INFO     - App started
[2022-05-01 02:24:36] root   - DEBUG    - Debugging
[2022-05-01 02:24:36] root   - WARNING  - Test logger
[2022-05-01 02:25:41] root   - INFO     - App started
[2022-05-01 02:25:41] root   - DEBUG    - Debugging
[2022-05-01 02:25:41] root   - WARNING  - Test logger
[2022-05-01 02:26:00] root   - INFO     - App started
[2022-05-01 02:26:00] root   - DEBUG    - Debugging
[2022-05-01 02:26:00] root   - WARNING  - Test logger
[2022-05-01 02:26:21] root   - INFO     - App started
[2022-05-01 02:26:21] root   - DEBUG    - Debugging
[2022-05-01 02:26:21] root   - WARNING  - Test logger
[2022-05-01 02:27:00] root   - INFO     - App started
[2022-05-01 02:27:00] root   - DEBUG    - Debugging
[2022-05-01 02:27:00] root   - WARNING  - Test logger
[2022-05-01 02:27:12] root   - INFO     - App started
[2022-05-01 02:27:12] root   - DEBUG    - Debugging
[2022-05-01 02:27:12] root   - WARNING  - Test logger
[2022-05-01 02:27:42] root   - INFO     - App started
[2022-05-01 02:27:42] root   - DEBUG    - Debugging
[2022-05-01 02:27:42] root   - WARNING  - Test logger
[2022-05-01 02:27:53] root   - INFO     - App started
[2022-05-01 02:27:53] root   - DEBUG    - Debugging
[2022-05-01 02:27:53] root   - WARNING  - Test logger
[2022-05-01 02:29:54] root   - INFO     - App started
[2022-05-01 02:29:54] root   - DEBUG    - Debugging
[2022-05-01 02:29:54] root   - WARNING  - Test logger
[2022-05-01 02:30:16] root   - INFO     - App started
[2022-05-01 02:30:16] root   - DEBUG    - Debugging
[2022-05-01 02:30:16] root   - WARNING  - Test logger
[2022-05-01 02:30:33] root   - INFO     - App started
[2022-05-01 02:30:33] root   - DEBUG    - Debugging
[2022-05-01 02:30:33] root   - WARNING  - Test logger
[2022-05-01 02:33:25] root   - INFO     - App started
[2022-05-01 02:33:25] root   - DEBUG    - Debugging
[2022-05-01 02:33:25] root   - WARNING  - Test logger
[2022-05-01 02:34:43] root   - INFO     - App started
[2022-05-01 02:34:43] root   - DEBUG    - Debugging
[2022-05-01 02:34:43] root   - WARNING  - Test logger
[2022-05-01 02:35:46] root   - INFO     - App started
[2022-05-01 02:35:46] root   - DEBUG    - Debugging
[2022-05-01 02:35:46] root   - WARNING  - Test logger
[2022-05-01 02:35:59] root   - INFO     - App started
[2022-05-01 02:35:59] root   - DEBUG    - Debugging
[2022-05-01 02:35:59] root   - WARNING  - Test logger
[2022-05-01 02:36:03] root   - INFO     - App started
[2022-05-01 02:36:03] root   - DEBUG    - Debugging
[2022-05-01 02:36:03] root   - WARNING  - Test logger
